<?xml version="1.0" encoding="utf-8"?>
<?AutomationStudio Version="4.5.2.102"?>
<Objects>
  <Object
    Path="C:\projects\KRBO-01-17\Kabanov\Logical\Package.pkg"
    LogicalPath=""
    Type="Package.ParentUnknown"
    LastWriteTime="129592675740000000" />
  <Object
    Path="C:\projects\KRBO-01-17\Kabanov\Logical\Global.typ"
    LogicalPath="Global.typ"
    Type="File"
    LastWriteTime="132441222560000000"
    Private="false" />
  <Object
    Path="C:\projects\KRBO-01-17\Kabanov\Logical\Global.var"
    LogicalPath="Global.var"
    Type="File"
    LastWriteTime="132441222560000000"
    Private="false" />
  <Object
    Path="C:\projects\KRBO-01-17\Kabanov\Logical\Libraries\Package.pkg"
    LogicalPath="Libraries"
    Type="Package"
    LastWriteTime="132441224360000000" />
  <Object
    Path="C:\projects\KRBO-01-17\Kabanov\Logical\Libraries\Runtime\Binary.lby"
    LogicalPath="Libraries.Runtime"
    Type="Library"
    LastWriteTime="129592675740000000" />
  <Object
    Path="C:\projects\KRBO-01-17\Kabanov\Logical\Libraries\Runtime\runtime.var"
    LogicalPath="Libraries.Runtime.runtime.var"
    Type="File"
    LastWriteTime="129592675740000000"
    Private="false" />
  <Object
    Path="C:\projects\KRBO-01-17\Kabanov\Logical\Libraries\Runtime\runtime.typ"
    LogicalPath="Libraries.Runtime.runtime.typ"
    Type="File"
    LastWriteTime="129592675740000000"
    Private="false" />
  <Object
    Path="C:\projects\KRBO-01-17\Kabanov\Logical\Libraries\Runtime\runtime.fun"
    LogicalPath="Libraries.Runtime.runtime.fun"
    Type="File"
    LastWriteTime="129592675740000000"
    Private="false" />
  <Object
    Path="C:\projects\KRBO-01-17\Kabanov\Logical\Libraries\Operator\Binary.lby"
    LogicalPath="Libraries.Operator"
    Type="Library"
    LastWriteTime="129592675740000000" />
  <Object
    Path="C:\projects\KRBO-01-17\Kabanov\Logical\Libraries\Operator\operator.fun"
    LogicalPath="Libraries.Operator.operator.fun"
    Type="File"
    LastWriteTime="129592675740000000"
    Private="false" />
  <Object
    Path="C:\projects\KRBO-01-17\Kabanov\Logical\Libraries\AsIecCon\Binary.lby"
    LogicalPath="Libraries.AsIecCon"
    Type="Library"
    LastWriteTime="129592675740000000" />
  <Object
    Path="C:\projects\KRBO-01-17\Kabanov\Logical\Libraries\AsIecCon\AsIecCon.fun"
    LogicalPath="Libraries.AsIecCon.AsIecCon.fun"
    Type="File"
    LastWriteTime="129592675740000000"
    Private="false" />
  <Object
    Path="C:\projects\KRBO-01-17\Kabanov\Logical\Libraries\astime\Binary.lby"
    LogicalPath="Libraries.astime"
    Type="Library"
    LastWriteTime="129592675740000000" />
  <Object
    Path="C:\projects\KRBO-01-17\Kabanov\Logical\Libraries\astime\astime.var"
    LogicalPath="Libraries.astime.astime.var"
    Type="File"
    LastWriteTime="129592675740000000"
    Private="false" />
  <Object
    Path="C:\projects\KRBO-01-17\Kabanov\Logical\Libraries\astime\astime.typ"
    LogicalPath="Libraries.astime.astime.typ"
    Type="File"
    LastWriteTime="129592675740000000"
    Private="false" />
  <Object
    Path="C:\projects\KRBO-01-17\Kabanov\Logical\Libraries\astime\astime.fun"
    LogicalPath="Libraries.astime.astime.fun"
    Type="File"
    LastWriteTime="129592675740000000"
    Private="false" />
  <Object
    Path="C:\projects\KRBO-01-17\Kabanov\Logical\Libraries\MtrCtrl\ANSIC.lby"
    LogicalPath="Libraries.MtrCtrl"
    Type="Library"
    LastWriteTime="132441233820000000" />
  <Object
    Path="C:\projects\KRBO-01-17\Kabanov\Logical\Libraries\MtrCtrl\MtrCtrl.typ"
    LogicalPath="Libraries.MtrCtrl.MtrCtrl.typ"
    Type="File"
    LastWriteTime="132441224360000000"
    Private="false" />
  <Object
    Path="C:\projects\KRBO-01-17\Kabanov\Logical\Libraries\MtrCtrl\MtrCtrl.var"
    LogicalPath="Libraries.MtrCtrl.MtrCtrl.var"
    Type="File"
    LastWriteTime="132441224360000000"
    Private="false" />
  <Object
    Path="C:\projects\KRBO-01-17\Kabanov\Logical\Libraries\MtrCtrl\MtrCtrl.fun"
    LogicalPath="Libraries.MtrCtrl.MtrCtrl.fun"
    Type="File"
    LastWriteTime="132453451104290638"
    Private="false" />
  <Object
    Path="C:\projects\KRBO-01-17\Kabanov\Logical\Libraries\MtrCtrl\FB_Integrator.c"
    LogicalPath="Libraries.MtrCtrl.FB_Integrator.c"
    Type="File"
    LastWriteTime="132453449713609326"
    Private="false" />
  <Object
    Path="C:\projects\KRBO-01-17\Kabanov\Logical\Libraries\MtrCtrl\FB_Regulator.c"
    LogicalPath="Libraries.MtrCtrl.FB_Regulator.c"
    Type="File"
    LastWriteTime="132453376115874321"
    Private="false" />
  <Object
    Path="C:\projects\KRBO-01-17\Kabanov\Logical\Libraries\MtrCtrl\FB_Motor.c"
    LogicalPath="Libraries.MtrCtrl.FB_Motor.c"
    Type="File"
    LastWriteTime="132453452384333947"
    Private="false" />
  <Object
    Path="C:\projects\KRBO-01-17\Kabanov\Logical\Libraries\Program\ANSIC.prg"
    LogicalPath="Libraries.Program"
    Type="Program"
    LastWriteTime="132441223800000000" />
  <Object
    Path="C:\projects\KRBO-01-17\Kabanov\Logical\Libraries\Program\Program.c"
    LogicalPath="Libraries.Program.Program.c"
    Type="File"
    LastWriteTime="132441251720000000"
    Private="false" />
  <Object
    Path="C:\projects\KRBO-01-17\Kabanov\Logical\Libraries\Program\Program.typ"
    LogicalPath="Libraries.Program.Program.typ"
    Type="File"
    LastWriteTime="132441223800000000"
    Private="true" />
  <Object
    Path="C:\projects\KRBO-01-17\Kabanov\Logical\Libraries\Program\Program.var"
    LogicalPath="Libraries.Program.Program.var"
    Type="File"
    LastWriteTime="132453454789490003"
    Private="true" />
  <Object
    Path="C:\projects\KRBO-01-17\Kabanov\Physical\Simulation\Config.pkg"
    LogicalPath="Simulation"
    Type="Configuration.ParentUnknown"
    LastWriteTime="132453317451461881" />
  <Object
    Path="C:\projects\KRBO-01-17\Kabanov\Physical\Simulation\Hardware.hw"
    LogicalPath="Simulation.Hardware.hw"
    Type="File"
    LastWriteTime="132453317454441721"
    Private="false" />
  <Object
    Path="C:\projects\KRBO-01-17\Kabanov\Physical\Simulation\Hardware.hwl"
    LogicalPath="Simulation.Hardware.hwl"
    Type="File"
    LastWriteTime="131865063240000000"
    Private="false" />
  <Object
    Path="C:\projects\KRBO-01-17\Kabanov\Physical\Simulation\PLC1\Cpu.pkg"
    LogicalPath="Simulation.PLC1"
    Type="Cpu"
    LastWriteTime="132453317451774310" />
  <Object
    Path="C:\projects\KRBO-01-17\Kabanov\Physical\Simulation\PLC1\Cpu.sw"
    LogicalPath="Simulation.PLC1.Cpu.sw"
    Type="File"
    LastWriteTime="132441224360000000"
    Private="false" />
  <Object
    Path="C:\projects\KRBO-01-17\Kabanov\Physical\Simulation\PLC1\Cpu.per"
    LogicalPath="Simulation.PLC1.Cpu.per"
    Type="File"
    LastWriteTime="132441222560000000"
    Private="false" />
  <Object
    Path="C:\projects\KRBO-01-17\Kabanov\Physical\Simulation\PLC1\IoMap.iom"
    LogicalPath="Simulation.PLC1.IoMap.iom"
    Type="File"
    LastWriteTime="132441222560000000"
    Private="false" />
  <Object
    Path="C:\projects\KRBO-01-17\Kabanov\Physical\Simulation\PLC1\PvMap.vvm"
    LogicalPath="Simulation.PLC1.PvMap.vvm"
    Type="File"
    LastWriteTime="129592675740000000"
    Private="false" />
</Objects>